Reading the program file tests/example4.in ... Found 15 instructions
getDepDepth(0)==0
getInstUsers(0)==0: 
getInstDeps(0)=={-1,-1}
getDepDepth(1)==0
getInstUsers(1)==0: 
getInstDeps(1)=={-1,-1}
getDepDepth(2)==0
getInstUsers(2)==0: 
getInstDeps(2)=={-1,-1}
getDepDepth(3)==0
getInstUsers(3)==0: 
getInstDeps(3)=={-1,-1}
getDepDepth(4)==0
getInstUsers(4)==0: 
getInstDeps(4)=={-1,-1}
getDepDepth(5)==0
getInstUsers(5)==0: 
getInstDeps(5)=={-1,-1}
getDepDepth(6)==0
getInstUsers(6)==0: 
getInstDeps(6)=={-1,-1}
getDepDepth(7)==0
getInstUsers(7)==0: 
getInstDeps(7)=={-1,-1}
getDepDepth(8)==0
getInstUsers(8)==0: 
getInstDeps(8)=={-1,-1}
getDepDepth(9)==0
getInstUsers(9)==0: 
getInstDeps(9)=={-1,-1}
getDepDepth(10)==0
getInstUsers(10)==0: 
getInstDeps(10)=={-1,-1}
getDepDepth(11)==0
getInstUsers(11)==0: 
getInstDeps(11)=={-1,-1}
getDepDepth(12)==0
getInstUsers(12)==0: 
getInstDeps(12)=={-1,-1}
getDepDepth(13)==0
getInstUsers(13)==0: 
getInstDeps(13)=={-1,-1}
getDepDepth(14)==0
getInstUsers(14)==0: 
getInstDeps(14)=={-1,-1}
