Reading the program file tests/example8.in ... Found 15 instructions
getDepDepth(0)==0
getInstUsers(0)==14: 1  2  3  4  5  6  7  8  9  10  11  12  13  14  
getInstDeps(0)=={-1,-1}
getDepDepth(1)==1
getInstUsers(1)==0: 
getInstDeps(1)=={0,-1}
getDepDepth(2)==1
getInstUsers(2)==0: 
getInstDeps(2)=={0,-1}
getDepDepth(3)==1
getInstUsers(3)==0: 
getInstDeps(3)=={-1,0}
getDepDepth(4)==1
getInstUsers(4)==0: 
getInstDeps(4)=={-1,0}
getDepDepth(5)==1
getInstUsers(5)==0: 
getInstDeps(5)=={-1,0}
getDepDepth(6)==1
getInstUsers(6)==0: 
getInstDeps(6)=={-1,0}
getDepDepth(7)==1
getInstUsers(7)==0: 
getInstDeps(7)=={0,-1}
getDepDepth(8)==1
getInstUsers(8)==0: 
getInstDeps(8)=={0,-1}
getDepDepth(9)==1
getInstUsers(9)==0: 
getInstDeps(9)=={0,-1}
getDepDepth(10)==1
getInstUsers(10)==0: 
getInstDeps(10)=={-1,0}
getDepDepth(11)==1
getInstUsers(11)==0: 
getInstDeps(11)=={-1,0}
getDepDepth(12)==1
getInstUsers(12)==0: 
getInstDeps(12)=={-1,0}
getDepDepth(13)==1
getInstUsers(13)==0: 
getInstDeps(13)=={-1,0}
